# vsim -c -do "run -all; quit -f" -l log/demo.log work.tb_vrf_axil_demo 
# Start time: 20:04:20 on Sep 15,2026
# ** Note: (vsim-8009) Loading existing optimized design _opt2
# //  ModelSim SE-64 2020.4 Oct 13 2020
# //
# //  Copyright 1991-2020 Mentor Graphics Corporation
# //  All Rights Reserved.
# //
# //  ModelSim SE-64 and its associated documentation contain trade
# //  secrets and commercial or financial information that are the property of
# //  Mentor Graphics Corporation and are privileged, confidential,
# //  and exempt from disclosure under the Freedom of Information Act,
# //  5 U.S.C. Section 552. Furthermore, this information
# //  is prohibited from disclosure under the Trade Secrets Act,
# //  18 U.S.C. Section 1905.
# //
# Loading sv_std.std
# Loading work.vrf_axil_mst_if(fast)
# Loading work.vrf_axil_slv_if(fast)
# Loading work.vrf_axil_mnt_if(fast)
# Loading work.vrf_axil_pkg(fast)
# Loading work.DVP2axi_stream_v_unit(fast)
# Loading work.tb_vrf_axil_demo(fast)
# ** Warning: (vsim-8441) Clocking block output mst_vif.cb.bready is not legal in this
# or another expression.
#    Time: 0 ps  Iteration: 0  Region: /vrf_axil_pkg::vrf_axil_bringup #(32, 32, 4) File: bench/lib/Pkg/../Chk/vrf_axil_bringup.svh Line: 124
# ** Warning: (vsim-8441) Clocking block output mst_vif.cb.rready is not legal in this
# or another expression.
#    Time: 0 ps  Iteration: 0  Region: /vrf_axil_pkg::vrf_axil_bringup #(32, 32, 4) File: bench/lib/Pkg/../Chk/vrf_axil_bringup.svh Line: 157
# ** Warning: (vsim-8441) Clocking block output mst_vif.cb.awvalid is not legal in this
# or another expression.
#    Time: 0 ps  Iteration: 0  Region: /vrf_axil_pkg::vrf_axil_driver #(32, 32, 4, 4) File: bench/lib/Pkg/../Drv/vrf_axil_driver.svh Line: 110
# ** Warning: (vsim-8441) Clocking block output mst_vif.cb.awaddr is not legal in this
# or another expression.
#    Time: 0 ps  Iteration: 0  Region: /vrf_axil_pkg::vrf_axil_driver #(32, 32, 4, 4) File: bench/lib/Pkg/../Drv/vrf_axil_driver.svh Line: 111
# ** Warning: (vsim-8441) Clocking block output mst_vif.cb.wvalid is not legal in this
# or another expression.
#    Time: 0 ps  Iteration: 0  Region: /vrf_axil_pkg::vrf_axil_driver #(32, 32, 4, 4) File: bench/lib/Pkg/../Drv/vrf_axil_driver.svh Line: 139
# ** Warning: (vsim-8441) Clocking block output mst_vif.cb.wdata is not legal in this
# or another expression.
#    Time: 0 ps  Iteration: 0  Region: /vrf_axil_pkg::vrf_axil_driver #(32, 32, 4, 4) File: bench/lib/Pkg/../Drv/vrf_axil_driver.svh Line: 140
# ** Warning: (vsim-8441) Clocking block output mst_vif.cb.wstrb is not legal in this
# or another expression.
#    Time: 0 ps  Iteration: 0  Region: /vrf_axil_pkg::vrf_axil_driver #(32, 32, 4, 4) File: bench/lib/Pkg/../Drv/vrf_axil_driver.svh Line: 141
# ** Warning: (vsim-8441) Clocking block output mst_vif.cb.bready is not legal in this
# or another expression.
#    Time: 0 ps  Iteration: 0  Region: /vrf_axil_pkg::vrf_axil_driver #(32, 32, 4, 4) File: bench/lib/Pkg/../Drv/vrf_axil_driver.svh Line: 171
# ** Warning: (vsim-8441) Clocking block output mst_vif.cb.arvalid is not legal in this
# or another expression.
#    Time: 0 ps  Iteration: 0  Region: /vrf_axil_pkg::vrf_axil_driver #(32, 32, 4, 4) File: bench/lib/Pkg/../Drv/vrf_axil_driver.svh Line: 205
# ** Warning: (vsim-8441) Clocking block output mst_vif.cb.araddr is not legal in this
# or another expression.
#    Time: 0 ps  Iteration: 0  Region: /vrf_axil_pkg::vrf_axil_driver #(32, 32, 4, 4) File: bench/lib/Pkg/../Drv/vrf_axil_driver.svh Line: 206
# ** Warning: (vsim-8441) Clocking block output mst_vif.cb.rready is not legal in this
# or another expression.
#    Time: 0 ps  Iteration: 0  Region: /vrf_axil_pkg::vrf_axil_driver #(32, 32, 4, 4) File: bench/lib/Pkg/../Drv/vrf_axil_driver.svh Line: 233
# ** Error: (vsim-8804) Illegal to call task "put" in function "submit" as it has delay or DPI task call.
# Called tasks are:
# 	put (C:/modeltech64_2020.4/win64/../verilog_src/std/std.sv:39)
#    Time: 0 ps  Iteration: 0  Instance: /tb_vrf_axil_demo File: bench/lib/Pkg/../Env/vrf_axil_env.svh Line: 140
# ** Error: (vsim-8804) Illegal to call task "put" in function "run_random" as it has delay or DPI task call.
# Called tasks are:
# 	put (C:/modeltech64_2020.4/win64/../verilog_src/std/std.sv:39)
#    Time: 0 ps  Iteration: 0  Instance: /tb_vrf_axil_demo File: bench/lib/Pkg/../Env/vrf_axil_env.svh Line: 156
# ** Error: (vsim-8804) Illegal to call task "put" in function "emit" as it has delay or DPI task call.
# Called tasks are:
# 	put (C:/modeltech64_2020.4/win64/../verilog_src/std/std.sv:39)
#    Time: 0 ps  Iteration: 0  Instance: /tb_vrf_axil_demo File: bench/lib/Pkg/../Mon/vrf_axil_monitor.svh Line: 174
# ** Error: (vsim-8804) Illegal to call task "put" in function "import_directed_queue" as it has delay or DPI task call.
# Called tasks are:
# 	put (C:/modeltech64_2020.4/win64/../verilog_src/std/std.sv:39)
#    Time: 0 ps  Iteration: 0  Instance: /tb_vrf_axil_demo File: bench/lib/Pkg/../Seq/vrf_axil_sequencer.svh Line: 33
# ** Error: (vsim-8804) Illegal to call task "put" in function "inject_repro" as it has delay or DPI task call.
# Called tasks are:
# 	put (C:/modeltech64_2020.4/win64/../verilog_src/std/std.sv:39)
#    Time: 0 ps  Iteration: 0  Instance: /tb_vrf_axil_demo File: bench/lib/Pkg/../Seq/vrf_axil_sequencer.svh Line: 40
# Error loading design
# End time: 20:04:22 on Sep 15,2026, Elapsed time: 0:00:02
# Errors: 5, Warnings: 11
